[browser] A tree hydrated but some attributes of the server rendered HTML didn't match the client properties. This won't be patched up. This can happen if a SSR-ed Client Component used:

- A server/client branch `if (typeof window !== 'undefined')`.
- Variable input such as `Date.now()` or `Math.random()` which changes each time it's called.
- Date formatting in a user's locale which doesn't match the server.
- External changing data without sending a snapshot of it along with the HTML.
- Invalid HTML tag nesting.

It can also happen if the client has a browser extension installed which messes with the HTML before React loaded.

https://react.dev/link/hydration-mismatch

  ...
    <HotReload globalError={[...]} webSocket={WebSocket} staticIndicatorState={{pathname:null, ...}}>
      <AppDevOverlayErrorBoundary globalError={[...]}>
        <ReplaySsrOnlyErrors>
        <DevRootHTTPAccessFallbackBoundary>
          <HTTPAccessFallbackBoundary notFound={<NotAllowedRootHTTPFallbackError>}>
            <HTTPAccessFallbackErrorBoundary pathname="/ar" notFound={<NotAllowedRootHTTPFallbackError>} ...>
              <RedirectBoundary>
                <RedirectErrorBoundary router={{...}}>
                  <Head>
                  <__next_root_layout_boundary__>
                    <SegmentViewNode type="layout" pagePath="layout.tsx">
                      <SegmentTrieNode>
                      <link>
                      <script>
                      <script>
                      <script>
                      <RootLayout>
                        <html suppressHydrationWarning={true}>
                          <body
-                           cz-shortcut-listen="true"
                          >
                  ...
 
[browser] A tree hydrated but some attributes of the server rendered HTML didn't match the client properties. This won't be patched up. This can happen if a SSR-ed Client Component used:

- A server/client branch `if (typeof window !== 'undefined')`.
- Variable input such as `Date.now()` or `Math.random()` which changes each time it's called.
- Date formatting in a user's locale which doesn't match the server.
- External changing data without sending a snapshot of it along with the HTML.
- Invalid HTML tag nesting.

It can also happen if the client has a browser extension installed which messes with the HTML before React loaded.

https://react.dev/link/hydration-mismatch

  ...
    <HotReload globalError={[...]} webSocket={WebSocket} staticIndicatorState={{pathname:null, ...}}>
      <AppDevOverlayErrorBoundary globalError={[...]}>
        <ReplaySsrOnlyErrors>
        <DevRootHTTPAccessFallbackBoundary>
          <HTTPAccessFallbackBoundary notFound={<NotAllowedRootHTTPFallbackError>}>
            <HTTPAccessFallbackErrorBoundary pathname="/ar" notFound={<NotAllowedRootHTTPFallbackError>} ...>
              <RedirectBoundary>
                <RedirectErrorBoundary router={{...}}>
                  <Head>
                  <__next_root_layout_boundary__>
                    <SegmentViewNode type="layout" pagePath="layout.tsx">
                      <SegmentTrieNode>
                      <link>
                      <script>
                      <script>
                      <script>
                      <RootLayout>
                        <html suppressHydrationWarning={true}>
                          <body
-                           cz-shortcut-listen="true"
                          >
                  ...
 
⨯ Error: Couldn't find next-intl config file. Please follow the instructions at https://next-intl.dev/docs/getting-started/app-router
    at LocaleLayout (app\[locale]\layout.tsx:22:37)
  20 |   setRequestLocale(locale);
  21 |
> 22 |   const messages = await getMessages();
     |                                     ^
  23 |   const isRtl = locale === "ar";
  24 |   const fontVar = isRtl ? cairo.variable : inter.variable;
  25 | {
  digest: '3085584743'
}
⨯ Error: Couldn't find next-intl config file. Please follow the instructions at https://next-intl.dev/docs/getting-started/app-router
    at DashboardPage (app\[locale]\(teacher)\dashboard\page.tsx:17:34)
  15 |
  16 |   const user = await verifySession();
> 17 |   const t = await getTranslations({ locale, namespace: "dashboard" });
     |                                  ^
  18 |
  19 |   if (!user) return <Placeholder state="error" error={{ type: "Unauthorized", status: 401,...
  20 | {
  digest: '2461135933'
}
[browser] Uncaught Error: Couldn't find next-intl config file. Please follow the instructions at https://next-intl.dev/docs/getting-started/app-router
    at LocaleLayout (app\[locale]\layout.tsx:22:37)
  20 |   setRequestLocale(locale);
  21 |
> 22 |   const messages = await getMessages();
     |                                     ^
  23 |   const isRtl = locale === "ar";
  24 |   const fontVar = isRtl ? cairo.variable : inter.variable;
  25 |
⨯ Error: Couldn't find next-intl config file. Please follow the instructions at https://next-intl.dev/docs/getting-started/app-router
    at LocaleLayout (app\[locale]\layout.tsx:22:37)
  20 |   setRequestLocale(locale);
  21 |
> 22 |   const messages = await getMessages();
     |                                     ^
  23 |   const isRtl = locale === "ar";
  24 |   const fontVar = isRtl ? cairo.variable : inter.variable;
  25 | {
  digest: '3390293640'
}
⨯ Error: Couldn't find next-intl config file. Please follow the instructions at https://next-intl.dev/docs/getting-started/app-router
    at DashboardPage (app\[locale]\(teacher)\dashboard\page.tsx:17:34)
  15 |
  16 |   const user = await verifySession();
> 17 |   const t = await getTranslations({ locale, namespace: "dashboard" });
     |                                  ^
  18 |
  19 |   if (!user) return <Placeholder state="error" error={{ type: "Unauthorized", status: 401,...
  20 | {
  digest: '2461135933'
}
[browser] Uncaught Error: Couldn't find next-intl config file. Please follow the instructions at https://next-intl.dev/docs/getting-started/app-router
    at LocaleLayout (app\[locale]\layout.tsx:22:37)
  20 |   setRequestLocale(locale);
  21 |
> 22 |   const messages = await getMessages();
     |                                     ^
  23 |   const isRtl = locale === "ar";
  24 |   const fontVar = isRtl ? cairo.variable : inter.variable;
  25 |
⚠ Found a change in next.config.ts. Restarting the server to apply the changes...
[browser] A tree hydrated but some attributes of the server rendered HTML didn't match the client properties. This won't be patched up. This can happen if a SSR-ed Client Component used:

- A server/client branch `if (typeof window !== 'undefined')`.
- Variable input such as `Date.now()` or `Math.random()` which changes each time it's called.
- Date formatting in a user's locale which doesn't match the server.
- External changing data without sending a snapshot of it along with the HTML.
- Invalid HTML tag nesting.

It can also happen if the client has a browser extension installed which messes with the HTML before React loaded.

https://react.dev/link/hydration-mismatch

  ...
    <HotReload globalError={[...]} webSocket={WebSocket} staticIndicatorState={{pathname:null, ...}}>
      <AppDevOverlayErrorBoundary globalError={[...]}>
        <ReplaySsrOnlyErrors>
        <DevRootHTTPAccessFallbackBoundary>
          <HTTPAccessFallbackBoundary notFound={<NotAllowedRootHTTPFallbackError>}>
            <HTTPAccessFallbackErrorBoundary pathname="/ar" notFound={<NotAllowedRootHTTPFallbackError>} ...>
              <RedirectBoundary>
                <RedirectErrorBoundary router={{...}}>
                  <Head>
                  <__next_root_layout_boundary__>
                    <SegmentViewNode type="layout" pagePath="layout.tsx">
                      <SegmentTrieNode>
                      <link>
                      <script>
                      <script>
                      <script>
                      <RootLayout>
                        <html suppressHydrationWarning={true}>
                          <body
-                           cz-shortcut-listen="true"
                          >
                  ...
 
⨯ Error: Event handlers cannot be passed to Client Component props.
  <button className=... onClick={function onClick} children=...>
                                ^^^^^^^^^^^^^^^^^^
If you need interactivity, consider converting part of this to a Client Component.
    at stringify (<anonymous>) {
  digest: '3640491127'
}
⨯ Error: Event handlers cannot be passed to Client Component props.
  <button className=... onClick={function onClick} children=...>
                                ^^^^^^^^^^^^^^^^^^
If you need interactivity, consider converting part of this to a Client Component.
    at stringify (<anonymous>) {
  digest: '3640491127'
}
[browser] Uncaught TypeError: Cannot read properties of undefined (reading 'toLowerCase')
    at handleKeyDown (components/theme-provider.tsx:44:19)
  42 |     if (event.defaultPrevented || event.repeat) return
  43 |     if (event.metaKey || event.ctrlKey || event.altKey) return
> 44 |     if (event.key.toLowerCase() !== "d") return
     |                   ^
  45 |     if (isTypingTarget(event.target as EventTarget)) return
  46 |     const next = theme === "dark" ? "light" : "dark"
  47 |     setTheme(next)
[browser] Uncaught TypeError: Cannot read properties of undefined (reading 'toLowerCase')
    at handleKeyDown (components/theme-provider.tsx:44:19)
  42 |     if (event.defaultPrevented || event.repeat) return
  43 |     if (event.metaKey || event.ctrlKey || event.altKey) return
> 44 |     if (event.key.toLowerCase() !== "d") return
     |                   ^
  45 |     if (isTypingTarget(event.target as EventTarget)) return
  46 |     const next = theme === "dark" ? "light" : "dark"
  47 |     setTheme(next)
⨯ Error: Event handlers cannot be passed to Client Component props.
  <button className=... onClick={function onClick} children=...>
                                ^^^^^^^^^^^^^^^^^^
If you need interactivity, consider converting part of this to a Client Component.
    at stringify (<anonymous>) {
  digest: '3640491127'
}
⨯ Error: Event handlers cannot be passed to Client Component props.
  <button className=... onClick={function onClick} children=...>
                                ^^^^^^^^^^^^^^^^^^
If you need interactivity, consider converting part of this to a Client Component.
    at stringify (<anonymous>) {
  digest: '3640491127'
}
[browser] Uncaught TypeError: Cannot read properties of undefined (reading 'toLowerCase')
    at handleKeyDown (components/theme-provider.tsx:44:19)
  42 |     if (event.defaultPrevented || event.repeat) return
  43 |     if (event.metaKey || event.ctrlKey || event.altKey) return
> 44 |     if (event.key.toLowerCase() !== "d") return
     |                   ^
  45 |     if (isTypingTarget(event.target as EventTarget)) return
  46 |     const next = theme === "dark" ? "light" : "dark"
  47 |     setTheme(next)
[browser] Uncaught TypeError: Cannot read properties of undefined (reading 'toLowerCase')
    at handleKeyDown (components/theme-provider.tsx:44:19)
  42 |     if (event.defaultPrevented || event.repeat) return
  43 |     if (event.metaKey || event.ctrlKey || event.altKey) return
> 44 |     if (event.key.toLowerCase() !== "d") return
     |                   ^
  45 |     if (isTypingTarget(event.target as EventTarget)) return
  46 |     const next = theme === "dark" ? "light" : "dark"
  47 |     setTheme(next)
[browser] Uncaught TypeError: Cannot read properties of undefined (reading 'toLowerCase')
    at handleKeyDown (components/theme-provider.tsx:44:19)
  42 |     if (event.defaultPrevented || event.repeat) return
  43 |     if (event.metaKey || event.ctrlKey || event.altKey) return
> 44 |     if (event.key.toLowerCase() !== "d") return
     |                   ^
  45 |     if (isTypingTarget(event.target as EventTarget)) return
  46 |     const next = theme === "dark" ? "light" : "dark"
  47 |     setTheme(next)
[browser] Uncaught TypeError: Cannot read properties of undefined (reading 'toLowerCase')
    at handleKeyDown (components/theme-provider.tsx:44:19)
  42 |     if (event.defaultPrevented || event.repeat) return
  43 |     if (event.metaKey || event.ctrlKey || event.altKey) return
> 44 |     if (event.key.toLowerCase() !== "d") return
     |                   ^
  45 |     if (isTypingTarget(event.target as EventTarget)) return
  46 |     const next = theme === "dark" ? "light" : "dark"
  47 |     setTheme(next)
